<html>
<body>
<pre>
<h1>礦ision Build Log</h1>
<h2>Tool Versions:</h2>
IDE-Version: μVision V5.36.0.0
Copyright (C) 2021 ARM Ltd and ARM Germany GmbH. All rights reserved.
License Information: 11 zk, HP Inc., LIC=RC93N-YPPZI-UHB8H-WMFJN-P21WD-VPLKP
 
Tool Versions:
Toolchain:       MDK-ARM Plus  Version: 5.36.0.0
Toolchain Path:  D:\Keil_v5\ARM\ARMCC\Bin
C Compiler:      Armcc.exe V5.06 update 7 (build 960)
Assembler:       Armasm.exe V5.06 update 7 (build 960)
Linker/Locator:  ArmLink.exe V5.06 update 7 (build 960)
Library Manager: ArmAr.exe V5.06 update 7 (build 960)
Hex Converter:   FromElf.exe V5.06 update 7 (build 960)
CPU DLL:         SARMCM3.DLL V5.36.0.0
Dialog DLL:      DARMCM1.DLL V1.19.4.0
Target DLL:      Segger\JL2CM3.dll V2.99.40.0
Dialog DLL:      TARMCM1.DLL V1.14.4.0
 
<h2>Project:</h2>
D:\中卡\硬件开发资料\DA14585\DA145xx_SDK\6.0.14.1114\utilities\flash_programmer\programmer.uvprojx
Project File Date:  01/07/2022

<h2>Output:</h2>
*** Using Compiler 'V5.06 update 7 (build 960)', folder: 'D:\Keil_v5\ARM\ARMCC\Bin'
Rebuild target 'DA14585_jtag'
assembling startup_DA14585_586.s...
compiling hardfault_handler.c...
compiling crc32.c...
compiling dma.c...
compiling peripherals.c...
compiling system_DA14585_586.c...
compiling nmi_handler.c...
compiling programmer.c...
compiling spi_58x.c...
compiling i2c_eeprom.c...
compiling hw_otpc_58x.c...
compiling gpio.c...
compiling uart.c...
compiling spi_flash.c...
compiling i2c.c...
compiling syscntl.c...
compiling otp_cs.c...
compiling timer0.c...
compiling arch_system.c...
linking...
Program Size: Code=5988 RO-data=288 RW-data=40 ZI-data=1744  
FromELF: creating hex file...
After Build - User command #1: fromelf --bincombined --output=".\Out_jtag_585\jtag_programmer_585.bin"  ".\Out_jtag_585\jtag_programmer_585.axf"
".\Out_jtag_585\jtag_programmer_585.axf" - 0 Error(s), 0 Warning(s).

<h2>Software Packages used:</h2>

Package Vendor: ARM
                http://www.keil.com/pack/ARM.CMSIS.5.8.0.pack
                ARM.CMSIS.5.8.0
                CMSIS (Common Microcontroller Software Interface Standard)

<h2>Collection of Component include folders:</h2>
  D:\ProgramData\Packs\ARM\CMSIS\5.8.0\Device\ARM\ARMCM0\Include

<h2>Collection of Component Files used:</h2>
Build Time Elapsed:  00:00:02
</pre>
</body>
</html>
