Component: ARM Compiler 5.06 update 7 (build 960) Tool: armlink [4d3601]

==============================================================================

Section Cross References

    system_da14585_586.o(.text) refers to system_da14585_586.o(.data) for .data
    startup_da14585_586.o(RESET) refers to startup_da14585_586.o(STACK) for __initial_sp
    startup_da14585_586.o(RESET) refers to startup_da14585_586.o(.text) for Reset_Handler
    startup_da14585_586.o(RESET) refers to systick.o(.text) for SysTick_Handler
    startup_da14585_586.o(RESET) refers to uart.o(.text) for UART_Handler
    startup_da14585_586.o(RESET) refers to gpio.o(.text) for GPIO0_Handler
    startup_da14585_586.o(.text) refers to system_da14585_586.o(.text) for SystemInit
    startup_da14585_586.o(.text) refers to entry.o(.ARM.Collect$$$$00000000) for __main
    startup_da14585_586.o(.text) refers to exceptions.o(.text) for NMI_HandlerC
    gpio.o(.text) refers to gpio.o(retention_mem_area0) for retention_mem_area0
    gpio.o(.text) refers to gpio.o(.text) for gpioshift16
    gpio.o(.text) refers to gpio.o(.text) for gpioshift16
    gpio.o(.text) refers to gpio.o(retention_mem_area0) for retention_mem_area0
    uart.o(.text) refers to uart.o(retention_mem_area0) for retention_mem_area0
    uart.o(.text) refers to uart.o(retention_mem_area0) for retention_mem_area0
    uart.o(.text) refers to uart.o(retention_mem_area0) for retention_mem_area0
    uart.o(.text) refers to uart.o(retention_mem_area0) for retention_mem_area0
    uart.o(.text) refers to uart.o(.text) for uart_enable
    uart.o(.text) refers to uart.o(.text) for uart_baudrate_setf
    uart.o(.text) refers to uart.o(retention_mem_area0) for retention_mem_area0
    uart.o(.text) refers to uart.o(.text) for uart_write_byte
    uart.o(.text) refers to uart.o(.text) for uart_write_buffer
    uart.o(.text) refers to uart.o(.text) for __NVIC_DisableIRQ
    uart.o(.text) refers to uart.o(.text) for __NVIC_SetPriority
    uart.o(.text) refers to uart.o(.text) for __NVIC_EnableIRQ
    uart.o(.text) refers to uart.o(retention_mem_area0) for retention_mem_area0
    uart.o(.text) refers to uart.o(.text) for uart_read_byte
    uart.o(.text) refers to uart.o(.text) for uart_read_buffer
    uart.o(.text) refers to uart.o(.text) for __NVIC_DisableIRQ
    uart.o(.text) refers to uart.o(.text) for __NVIC_SetPriority
    uart.o(.text) refers to uart.o(.text) for __NVIC_EnableIRQ
    uart.o(.text) refers to uart.o(retention_mem_area0) for retention_mem_area0
    uart.o(.text) refers to uart.o(.text) for uart_enable_flow_control
    uart_utils.o(.text) refers to idiv.o(.text) for __aeabi_idivmod
    uart_utils.o(.text) refers to strlen.o(.text) for strlen
    uart_utils.o(.text) refers to uart.o(.text) for uart_send
    uart_utils.o(.text) refers to strlen.o(.text) for strlen
    uart_utils.o(.text) refers to uart.o(.text) for uart_send
    uart_utils.o(.text) refers to uart_utils.o(.text) for printf_byte
    uart_utils.o(.text) refers to uart_utils.o(.text) for printf_byte
    uart_utils.o(.text) refers to uart_utils.o(.text) for itoa
    uart_utils.o(.text) refers to uart_utils.o(.text) for printf_string
    systick.o(.text) refers to systick.o(retention_mem_area0) for retention_mem_area0
    systick.o(.text) refers to systick.o(.text) for systick_start
    systick.o(.text) refers to systick.o(.text) for systick_stop
    hw_otpc_58x.o(.text) refers to hw_otpc_58x.o(.constdata) for .constdata
    hw_otpc_58x.o(.text) refers to hw_otpc_58x.o(.text) for hw_otpc_num_of_rr
    hw_otpc_58x.o(.text) refers to hw_otpc_58x.o(.text) for hw_otpc_manual_word_prog
    hw_otpc_58x.o(.text) refers to hw_otpc_58x.o(.text) for manual_prog_verify
    hw_otpc_58x.o(.text) refers to hw_otpc_58x.o(.text) for hw_otpc_write_rr
    hw_otpc_58x.o(.text) refers to hw_otpc_58x.o(.text) for hw_otpc_manual_read_on
    hw_otpc_58x.o(.text) refers to hw_otpc_58x.o(.text) for hw_otpc_manual_word_prog
    hw_otpc_58x.o(.text) refers to hw_otpc_58x.o(.text) for wait_for_auto_done
    hw_otpc_58x.o(.text) refers to hw_otpc_58x.o(.text) for wait_for_auto_done
    hw_otpc_58x.o(.text) refers to hw_otpc_58x.o(.text) for wait_for_auto_done
    hw_otpc_58x.o(.text) refers to hw_otpc_58x.o(.text) for wait_for_auto_done
    hw_otpc_58x.o(.text) refers to hw_otpc_58x.o(.text) for hw_otpc_core_test
    hw_otpc_58x.o(.text) refers to hw_otpc_58x.o(.text) for hw_otpc_core_test
    hw_otpc_58x.o(.text) refers to hw_otpc_58x.o(.text) for hw_otpc_core_test
    main.o(.text) refers to gpio.o(.text) for GPIO_SetInactive
    main.o(.text) refers to systick.o(.text) for systick_register_callback
    main.o(.text) refers to arch_system.o(.text) for system_init
    main.o(.text) refers to main.o(.data) for .data
    user_periph_setup.o(.text) refers to gpio.o(.text) for GPIO_ConfigurePin
    arch_system.o(.text) refers to arch_system.o(retention_mem_area0) for retention_mem_area0
    arch_system.o(.text) refers to gpio.o(.text) for GPIO_init
    arch_system.o(.text) refers to hw_otpc_58x.o(.text) for hw_otpc_manual_read_on
    arch_system.o(.text) refers to user_periph_setup.o(.text) for periph_init
    entry.o(.ARM.Collect$$$$00000000) refers (Special) to entry10a.o(.ARM.Collect$$$$0000000F) for __rt_final_cpp
    entry.o(.ARM.Collect$$$$00000000) refers (Special) to entry11a.o(.ARM.Collect$$$$00000011) for __rt_final_exit
    entry.o(.ARM.Collect$$$$00000000) refers (Special) to entry12b.o(.ARM.Collect$$$$0000000E) for __rt_lib_shutdown_fini
    entry.o(.ARM.Collect$$$$00000000) refers (Special) to entry7b.o(.ARM.Collect$$$$00000008) for _main_clock
    entry.o(.ARM.Collect$$$$00000000) refers (Special) to entry8b.o(.ARM.Collect$$$$0000000A) for _main_cpp_init
    entry.o(.ARM.Collect$$$$00000000) refers (Special) to entry9a.o(.ARM.Collect$$$$0000000B) for _main_init
    entry.o(.ARM.Collect$$$$00000000) refers (Special) to entry5.o(.ARM.Collect$$$$00000004) for _main_scatterload
    entry.o(.ARM.Collect$$$$00000000) refers (Special) to entry2.o(.ARM.Collect$$$$00000001) for _main_stk
    idiv.o(.text) refers to uidiv.o(.text) for __aeabi_uidivmod
    entry2.o(.ARM.Collect$$$$00000001) refers to entry2.o(.ARM.Collect$$$$00002712) for __lit__00000000
    entry2.o(.ARM.Collect$$$$00002712) refers to startup_da14585_586.o(STACK) for __initial_sp
    entry2.o(__vectab_stack_and_reset_area) refers to startup_da14585_586.o(STACK) for __initial_sp
    entry2.o(__vectab_stack_and_reset_area) refers to entry.o(.ARM.Collect$$$$00000000) for __main
    entry5.o(.ARM.Collect$$$$00000004) refers to init.o(.text) for __scatterload
    entry9a.o(.ARM.Collect$$$$0000000B) refers to main.o(.text) for main
    entry9b.o(.ARM.Collect$$$$0000000C) refers to main.o(.text) for main
    init.o(.text) refers to entry5.o(.ARM.Collect$$$$00000004) for __main_after_scatterload


==============================================================================

Removing Unused input sections from the image.

    Removing system_da14585_586.o(.rev16_text), (4 bytes).
    Removing system_da14585_586.o(.revsh_text), (4 bytes).
    Removing system_da14585_586.o(.text), (16 bytes).
    Removing system_da14585_586.o(.data), (4 bytes).
    Removing startup_da14585_586.o(HEAP), (256 bytes).
    Removing syscntl.o(.rev16_text), (4 bytes).
    Removing syscntl.o(.revsh_text), (4 bytes).
    Removing syscntl.o(.text), (22 bytes).
    Removing syscntl.o(.text), (22 bytes).
    Removing syscntl.o(.text), (24 bytes).
    Removing gpio.o(.rev16_text), (4 bytes).
    Removing gpio.o(.revsh_text), (4 bytes).
    Removing gpio.o(.text), (28 bytes).
    Removing gpio.o(.text), (48 bytes).
    Removing gpio.o(.text), (32 bytes).
    Removing gpio.o(.text), (32 bytes).
    Removing gpio.o(.text), (248 bytes).
    Removing gpio.o(.text), (144 bytes).
    Removing gpio.o(.text), (36 bytes).
    Removing gpio.o(.text), (24 bytes).
    Removing gpio.o(.text), (92 bytes).
    Removing gpio.o(.text), (12 bytes).
    Removing gpio.o(.text), (16 bytes).
    Removing gpio.o(.text), (16 bytes).
    Removing uart.o(.rev16_text), (4 bytes).
    Removing uart.o(.revsh_text), (4 bytes).
    Removing uart.o(.text), (68 bytes).
    Removing uart.o(.text), (52 bytes).
    Removing uart.o(.text), (56 bytes).
    Removing uart.o(.text), (50 bytes).
    Removing uart.o(.text), (32 bytes).
    Removing uart.o(.text), (32 bytes).
    Removing uart.o(.text), (32 bytes).
    Removing uart.o(.text), (172 bytes).
    Removing uart.o(.text), (14 bytes).
    Removing uart.o(.text), (30 bytes).
    Removing uart.o(.text), (120 bytes).
    Removing uart.o(.text), (12 bytes).
    Removing uart.o(.text), (14 bytes).
    Removing uart.o(.text), (28 bytes).
    Removing uart.o(.text), (120 bytes).
    Removing uart.o(.text), (22 bytes).
    Removing uart.o(.text), (94 bytes).
    Removing uart.o(.text), (24 bytes).
    Removing uart.o(.text), (32 bytes).
    Removing uart_utils.o(.rev16_text), (4 bytes).
    Removing uart_utils.o(.revsh_text), (4 bytes).
    Removing uart_utils.o(.text), (74 bytes).
    Removing uart_utils.o(.text), (76 bytes).
    Removing uart_utils.o(.text), (26 bytes).
    Removing uart_utils.o(.text), (22 bytes).
    Removing uart_utils.o(.text), (42 bytes).
    Removing uart_utils.o(.text), (28 bytes).
    Removing systick.o(.rev16_text), (4 bytes).
    Removing systick.o(.revsh_text), (4 bytes).
    Removing systick.o(.text), (24 bytes).
    Removing systick.o(.text), (28 bytes).
    Removing systick.o(.text), (16 bytes).
    Removing hw_otpc_58x.o(.rev16_text), (4 bytes).
    Removing hw_otpc_58x.o(.revsh_text), (4 bytes).
    Removing hw_otpc_58x.o(.text), (40 bytes).
    Removing hw_otpc_58x.o(.text), (20 bytes).
    Removing hw_otpc_58x.o(.text), (80 bytes).
    Removing hw_otpc_58x.o(.text), (96 bytes).
    Removing hw_otpc_58x.o(.text), (164 bytes).
    Removing hw_otpc_58x.o(.text), (12 bytes).
    Removing hw_otpc_58x.o(.text), (168 bytes).
    Removing hw_otpc_58x.o(.text), (64 bytes).
    Removing hw_otpc_58x.o(.text), (52 bytes).
    Removing hw_otpc_58x.o(.text), (92 bytes).
    Removing hw_otpc_58x.o(.text), (104 bytes).
    Removing hw_otpc_58x.o(.text), (32 bytes).
    Removing hw_otpc_58x.o(.text), (16 bytes).
    Removing hw_otpc_58x.o(.text), (10 bytes).
    Removing hw_otpc_58x.o(.text), (10 bytes).
    Removing hw_otpc_58x.o(.text), (10 bytes).
    Removing hw_otpc_58x.o(.text), (16 bytes).
    Removing hw_otpc_58x.o(.text), (116 bytes).
    Removing hw_otpc_58x.o(.text), (36 bytes).
    Removing hw_otpc_58x.o(.constdata), (20 bytes).
    Removing main.o(.rev16_text), (4 bytes).
    Removing main.o(.revsh_text), (4 bytes).
    Removing user_periph_setup.o(.rev16_text), (4 bytes).
    Removing user_periph_setup.o(.revsh_text), (4 bytes).
    Removing arch_system.o(.rev16_text), (4 bytes).
    Removing arch_system.o(.revsh_text), (4 bytes).
    Removing arch_system.o(.text), (2 bytes).
    Removing arch_system.o(.text), (92 bytes).
    Removing arch_system.o(retention_mem_area0), (2 bytes).

89 unused section(s) (total 3746 bytes) removed from the image.

==============================================================================

Image Symbol Table

    Local Symbols

    Symbol Name                              Value     Ov Type        Size  Object(Section)

    ../clib/microlib/division.c              0x00000000   Number         0  idiv.o ABSOLUTE
    ../clib/microlib/division.c              0x00000000   Number         0  uidiv.o ABSOLUTE
    ../clib/microlib/init/entry.s            0x00000000   Number         0  entry9a.o ABSOLUTE
    ../clib/microlib/init/entry.s            0x00000000   Number         0  entry8b.o ABSOLUTE
    ../clib/microlib/init/entry.s            0x00000000   Number         0  entry8a.o ABSOLUTE
    ../clib/microlib/init/entry.s            0x00000000   Number         0  entry7b.o ABSOLUTE
    ../clib/microlib/init/entry.s            0x00000000   Number         0  entry11b.o ABSOLUTE
    ../clib/microlib/init/entry.s            0x00000000   Number         0  entry7a.o ABSOLUTE
    ../clib/microlib/init/entry.s            0x00000000   Number         0  entry5.o ABSOLUTE
    ../clib/microlib/init/entry.s            0x00000000   Number         0  entry2.o ABSOLUTE
    ../clib/microlib/init/entry.s            0x00000000   Number         0  entry.o ABSOLUTE
    ../clib/microlib/init/entry.s            0x00000000   Number         0  entry12b.o ABSOLUTE
    ../clib/microlib/init/entry.s            0x00000000   Number         0  entry12a.o ABSOLUTE
    ../clib/microlib/init/entry.s            0x00000000   Number         0  entry11a.o ABSOLUTE
    ../clib/microlib/init/entry.s            0x00000000   Number         0  entry10b.o ABSOLUTE
    ../clib/microlib/init/entry.s            0x00000000   Number         0  entry10a.o ABSOLUTE
    ../clib/microlib/init/entry.s            0x00000000   Number         0  entry9b.o ABSOLUTE
    ../clib/microlib/string/strlen.c         0x00000000   Number         0  strlen.o ABSOLUTE
    ..\..\..\..\..\sdk\platform\arch\boot\ARM\startup_DA14585_586.s 0x00000000   Number         0  startup_da14585_586.o ABSOLUTE
    ..\..\..\..\..\sdk\platform\arch\boot\system_DA14585_586.c 0x00000000   Number         0  system_da14585_586.o ABSOLUTE
    ..\..\..\..\..\sdk\platform\arch\main\arch_system.c 0x00000000   Number         0  arch_system.o ABSOLUTE
    ..\..\..\..\..\sdk\platform\driver\gpio\gpio.c 0x00000000   Number         0  gpio.o ABSOLUTE
    ..\..\..\..\..\sdk\platform\driver\hw_otpc\hw_otpc_58x.c 0x00000000   Number         0  hw_otpc_58x.o ABSOLUTE
    ..\..\..\..\..\sdk\platform\driver\syscntl\syscntl.c 0x00000000   Number         0  syscntl.o ABSOLUTE
    ..\..\..\..\..\sdk\platform\driver\systick\systick.c 0x00000000   Number         0  systick.o ABSOLUTE
    ..\..\..\..\..\sdk\platform\driver\uart\uart.c 0x00000000   Number         0  uart.o ABSOLUTE
    ..\..\..\..\..\sdk\platform\driver\uart\uart_utils.c 0x00000000   Number         0  uart_utils.o ABSOLUTE
    ..\..\shared\source\exceptions.c         0x00000000   Number         0  exceptions.o ABSOLUTE
    ..\\..\\..\\..\\..\\sdk\\platform\\arch\\boot\\system_DA14585_586.c 0x00000000   Number         0  system_da14585_586.o ABSOLUTE
    ..\\..\\..\\..\\..\\sdk\\platform\\arch\\main\\arch_system.c 0x00000000   Number         0  arch_system.o ABSOLUTE
    ..\\..\\..\\..\\..\\sdk\\platform\\driver\\gpio\\gpio.c 0x00000000   Number         0  gpio.o ABSOLUTE
    ..\\..\\..\\..\\..\\sdk\\platform\\driver\\hw_otpc\\hw_otpc_58x.c 0x00000000   Number         0  hw_otpc_58x.o ABSOLUTE
    ..\\..\\..\\..\\..\\sdk\\platform\\driver\\syscntl\\syscntl.c 0x00000000   Number         0  syscntl.o ABSOLUTE
    ..\\..\\..\\..\\..\\sdk\\platform\\driver\\systick\\systick.c 0x00000000   Number         0  systick.o ABSOLUTE
    ..\\..\\..\\..\\..\\sdk\\platform\\driver\\uart\\uart.c 0x00000000   Number         0  uart.o ABSOLUTE
    ..\\..\\..\\..\\..\\sdk\\platform\\driver\\uart\\uart_utils.c 0x00000000   Number         0  uart_utils.o ABSOLUTE
    ..\\src\\main.c                          0x00000000   Number         0  main.o ABSOLUTE
    ..\\src\\user_periph_setup.c             0x00000000   Number         0  user_periph_setup.o ABSOLUTE
    ..\src\main.c                            0x00000000   Number         0  main.o ABSOLUTE
    ..\src\user_periph_setup.c               0x00000000   Number         0  user_periph_setup.o ABSOLUTE
    dc.s                                     0x00000000   Number         0  dc.o ABSOLUTE
    handlers.s                               0x00000000   Number         0  handlers.o ABSOLUTE
    init.s                                   0x00000000   Number         0  init.o ABSOLUTE
    RESET                                    0x07fc0000   Section      160  startup_da14585_586.o(RESET)
    .ARM.Collect$$$$00000000                 0x07fc00a0   Section        0  entry.o(.ARM.Collect$$$$00000000)
    .ARM.Collect$$$$00000001                 0x07fc00a0   Section        4  entry2.o(.ARM.Collect$$$$00000001)
    .ARM.Collect$$$$00000004                 0x07fc00a4   Section        4  entry5.o(.ARM.Collect$$$$00000004)
    .ARM.Collect$$$$00000008                 0x07fc00a8   Section        0  entry7b.o(.ARM.Collect$$$$00000008)
    .ARM.Collect$$$$0000000A                 0x07fc00a8   Section        0  entry8b.o(.ARM.Collect$$$$0000000A)
    .ARM.Collect$$$$0000000B                 0x07fc00a8   Section        8  entry9a.o(.ARM.Collect$$$$0000000B)
    .ARM.Collect$$$$0000000E                 0x07fc00b0   Section        4  entry12b.o(.ARM.Collect$$$$0000000E)
    .ARM.Collect$$$$0000000F                 0x07fc00b4   Section        0  entry10a.o(.ARM.Collect$$$$0000000F)
    .ARM.Collect$$$$00000011                 0x07fc00b4   Section        0  entry11a.o(.ARM.Collect$$$$00000011)
    .ARM.Collect$$$$00002712                 0x07fc00b4   Section        4  entry2.o(.ARM.Collect$$$$00002712)
    __lit__00000000                          0x07fc00b4   Data           4  entry2.o(.ARM.Collect$$$$00002712)
    .text                                    0x07fc00b8   Section        0  system_da14585_586.o(.text)
    __NVIC_DisableIRQ                        0x07fc00df   Thumb Code    26  system_da14585_586.o(.text)
    .text                                    0x07fc0100   Section       80  startup_da14585_586.o(.text)
    NMI_Handler                              0x07fc0109   Thumb Code    24  startup_da14585_586.o(.text)
    HardFault_Handler                        0x07fc0121   Thumb Code    24  startup_da14585_586.o(.text)
    .text                                    0x07fc0150   Section        0  exceptions.o(.text)
    .text                                    0x07fc0154   Section        0  gpio.o(.text)
    gpioshift16                              0x07fc0225   Thumb Code    32  gpio.o(.text)
    .text                                    0x07fc0254   Section        0  uart.o(.text)
    uart_rx_isr                              0x07fc0255   Thumb Code    72  uart.o(.text)
    uart_intr_hndl                           0x07fc029d   Thumb Code   156  uart.o(.text)
    uart_tx_isr                              0x07fc0341   Thumb Code   100  uart.o(.text)
    .text                                    0x07fc03b0   Section        0  systick.o(.text)
    .text                                    0x07fc0408   Section        0  hw_otpc_58x.o(.text)
    .text                                    0x07fc046c   Section        0  main.o(.text)
    systick_isr                              0x07fc046d   Thumb Code    36  main.o(.text)
    .text                                    0x07fc04b8   Section        0  user_periph_setup.o(.text)
    .text                                    0x07fc04fc   Section        0  arch_system.o(.text)
    .text                                    0x07fc05ac   Section       36  init.o(.text)
    i.__scatterload_copy                     0x07fc05d0   Section       14  handlers.o(i.__scatterload_copy)
    i.__scatterload_null                     0x07fc05de   Section        2  handlers.o(i.__scatterload_null)
    i.__scatterload_zeroinit                 0x07fc05e0   Section       14  handlers.o(i.__scatterload_zeroinit)
    .data                                    0x07fc8000   Section        4  main.o(.data)
    STACK                                    0x07fc8008   Section     1536  startup_da14585_586.o(STACK)
    retention_mem_area0                      0x07fc8608   Section       20  gpio.o(retention_mem_area0)
    retention_mem_area0                      0x07fc861c   Section       64  uart.o(retention_mem_area0)
    uartn_env                                0x07fc861c   Data          64  uart.o(retention_mem_area0)
    retention_mem_area0                      0x07fc865c   Section        4  systick.o(retention_mem_area0)

    Global Symbols

    Symbol Name                              Value     Ov Type        Size  Object(Section)

    BuildAttributes$$THM_ISAv3M$S$PE$A:L22$X:L11$S22$IEEE1$IW$USESV6$~STKCKD$USESV7$~SHL$OSPACE$EBA8$MICROLIB$REQ8$PRES8$EABIv2 0x00000000   Number         0  anon$$obj.o ABSOLUTE
    __ARM_use_no_argv                        0x00000000   Number         0  main.o ABSOLUTE
    __arm_fini_                               - Undefined Weak Reference
    __cpp_initialize__aeabi_                  - Undefined Weak Reference
    __cxa_finalize                            - Undefined Weak Reference
    __decompress                              - Undefined Weak Reference
    _clock_init                               - Undefined Weak Reference
    _microlib_exit                            - Undefined Weak Reference
    reset_indication                          - Undefined Weak Reference
    __Vectors_Size                           0x000000a0   Number         0  startup_da14585_586.o ABSOLUTE
    __Vectors                                0x07fc0000   Data           4  startup_da14585_586.o(RESET)
    __Vectors_End                            0x07fc00a0   Data           0  startup_da14585_586.o(RESET)
    __main                                   0x07fc00a1   Thumb Code     0  entry.o(.ARM.Collect$$$$00000000)
    _main_stk                                0x07fc00a1   Thumb Code     0  entry2.o(.ARM.Collect$$$$00000001)
    _main_scatterload                        0x07fc00a5   Thumb Code     0  entry5.o(.ARM.Collect$$$$00000004)
    __main_after_scatterload                 0x07fc00a9   Thumb Code     0  entry5.o(.ARM.Collect$$$$00000004)
    _main_clock                              0x07fc00a9   Thumb Code     0  entry7b.o(.ARM.Collect$$$$00000008)
    _main_cpp_init                           0x07fc00a9   Thumb Code     0  entry8b.o(.ARM.Collect$$$$0000000A)
    _main_init                               0x07fc00a9   Thumb Code     0  entry9a.o(.ARM.Collect$$$$0000000B)
    __rt_lib_shutdown_fini                   0x07fc00b1   Thumb Code     0  entry12b.o(.ARM.Collect$$$$0000000E)
    __rt_final_cpp                           0x07fc00b5   Thumb Code     0  entry10a.o(.ARM.Collect$$$$0000000F)
    __rt_final_exit                          0x07fc00b5   Thumb Code     0  entry11a.o(.ARM.Collect$$$$00000011)
    SystemInit                               0x07fc00b9   Thumb Code    38  system_da14585_586.o(.text)
    Reset_Handler                            0x07fc0101   Thumb Code     8  startup_da14585_586.o(.text)
    SVC_Handler                              0x07fc0139   Thumb Code     2  startup_da14585_586.o(.text)
    PendSV_Handler                           0x07fc013b   Thumb Code     2  startup_da14585_586.o(.text)
    ADC_Handler                              0x07fc013f   Thumb Code     0  startup_da14585_586.o(.text)
    BLE_RF_DIAG_Handler                      0x07fc013f   Thumb Code     0  startup_da14585_586.o(.text)
    BLE_WAKEUP_LP_Handler                    0x07fc013f   Thumb Code     0  startup_da14585_586.o(.text)
    DMA_Handler                              0x07fc013f   Thumb Code     0  startup_da14585_586.o(.text)
    I2C_Handler                              0x07fc013f   Thumb Code     0  startup_da14585_586.o(.text)
    KEYBRD_Handler                           0x07fc013f   Thumb Code     0  startup_da14585_586.o(.text)
    PCM_Handler                              0x07fc013f   Thumb Code     0  startup_da14585_586.o(.text)
    RESERVED21_Handler                       0x07fc013f   Thumb Code     0  startup_da14585_586.o(.text)
    RESERVED22_Handler                       0x07fc013f   Thumb Code     0  startup_da14585_586.o(.text)
    RESERVED23_Handler                       0x07fc013f   Thumb Code     0  startup_da14585_586.o(.text)
    RFCAL_Handler                            0x07fc013f   Thumb Code     0  startup_da14585_586.o(.text)
    SPI_Handler                              0x07fc013f   Thumb Code     0  startup_da14585_586.o(.text)
    SRCIN_Handler                            0x07fc013f   Thumb Code     0  startup_da14585_586.o(.text)
    SRCOUT_Handler                           0x07fc013f   Thumb Code     0  startup_da14585_586.o(.text)
    SWTIM_Handler                            0x07fc013f   Thumb Code     0  startup_da14585_586.o(.text)
    WKUP_QUADEC_Handler                      0x07fc013f   Thumb Code     0  startup_da14585_586.o(.text)
    rwble_isr                                0x07fc013f   Thumb Code     0  startup_da14585_586.o(.text)
    HardFault_HandlerC                       0x07fc0151   Thumb Code     2  exceptions.o(.text)
    NMI_HandlerC                             0x07fc0153   Thumb Code     2  exceptions.o(.text)
    GPIO_init                                0x07fc0155   Thumb Code     2  gpio.o(.text)
    GPIO_SetPinFunction                      0x07fc0157   Thumb Code    24  gpio.o(.text)
    GPIO_SetInactive                         0x07fc016f   Thumb Code    20  gpio.o(.text)
    GPIO_SetActive                           0x07fc0183   Thumb Code    20  gpio.o(.text)
    GPIO_ConfigurePin                        0x07fc0197   Thumb Code    38  gpio.o(.text)
    GPIO_ResetIRQ                            0x07fc01bd   Thumb Code    32  gpio.o(.text)
    GPIOn_Handler                            0x07fc01dd   Thumb Code    52  gpio.o(.text)
    GPIO0_Handler                            0x07fc0211   Thumb Code     4  gpio.o(.text)
    GPIO1_Handler                            0x07fc0215   Thumb Code     4  gpio.o(.text)
    GPIO2_Handler                            0x07fc0219   Thumb Code     4  gpio.o(.text)
    GPIO3_Handler                            0x07fc021d   Thumb Code     4  gpio.o(.text)
    GPIO4_Handler                            0x07fc0221   Thumb Code     4  gpio.o(.text)
    UART_Handler                             0x07fc0339   Thumb Code     4  uart.o(.text)
    UART2_Handler                            0x07fc033d   Thumb Code     4  uart.o(.text)
    systick_register_callback                0x07fc03b1   Thumb Code     6  systick.o(.text)
    SysTick_Handler                          0x07fc03b7   Thumb Code    12  systick.o(.text)
    systick_start                            0x07fc03c3   Thumb Code    60  systick.o(.text)
    hw_otpc_disable                          0x07fc0409   Thumb Code    72  hw_otpc_58x.o(.text)
    hw_otpc_manual_read_on                   0x07fc0451   Thumb Code    18  hw_otpc_58x.o(.text)
    systick_test                             0x07fc0491   Thumb Code    18  main.o(.text)
    main                                     0x07fc04a3   Thumb Code    10  main.o(.text)
    periph_init                              0x07fc04b9   Thumb Code    62  user_periph_setup.o(.text)
    system_init                              0x07fc04fd   Thumb Code   158  arch_system.o(.text)
    __scatterload                            0x07fc05ad   Thumb Code    28  init.o(.text)
    __scatterload_rt2                        0x07fc05ad   Thumb Code     0  init.o(.text)
    __scatterload_copy                       0x07fc05d1   Thumb Code    14  handlers.o(i.__scatterload_copy)
    __scatterload_null                       0x07fc05df   Thumb Code     2  handlers.o(i.__scatterload_null)
    __scatterload_zeroinit                   0x07fc05e1   Thumb Code    14  handlers.o(i.__scatterload_zeroinit)
    Region$$Table$$Base                      0x07fc05f0   Number         0  anon$$obj.o(Region$$Table)
    Region$$Table$$Limit                     0x07fc0610   Number         0  anon$$obj.o(Region$$Table)
    i                                        0x07fc8000   Data           4  main.o(.data)
    GPIOHandlerFunction                      0x07fc8608   Data          20  gpio.o(retention_mem_area0)
    __initial_sp                             0x07fc8608   Data           0  startup_da14585_586.o(STACK)
    callback_function                        0x07fc865c   Data           4  systick.o(retention_mem_area0)



==============================================================================

Memory Map of the image

  Image Entry point : 0x07fc00a1

  Load Region LR_IROM1 (Base: 0x07fc0000, Size: 0x00000614, Max: 0x00008000, ABSOLUTE)

    Execution Region ER_IROM1 (Exec base: 0x07fc0000, Load base: 0x07fc0000, Size: 0x00000610, Max: 0x00008000, ABSOLUTE)

    Exec Addr    Load Addr    Size         Type   Attr      Idx    E Section Name        Object

    0x07fc0000   0x07fc0000   0x000000a0   Data   RO           59    RESET               startup_da14585_586.o
    0x07fc00a0   0x07fc00a0   0x00000000   Code   RO          769  * .ARM.Collect$$$$00000000  mc_p.l(entry.o)
    0x07fc00a0   0x07fc00a0   0x00000004   Code   RO          776    .ARM.Collect$$$$00000001  mc_p.l(entry2.o)
    0x07fc00a4   0x07fc00a4   0x00000004   Code   RO          779    .ARM.Collect$$$$00000004  mc_p.l(entry5.o)
    0x07fc00a8   0x07fc00a8   0x00000000   Code   RO          781    .ARM.Collect$$$$00000008  mc_p.l(entry7b.o)
    0x07fc00a8   0x07fc00a8   0x00000000   Code   RO          783    .ARM.Collect$$$$0000000A  mc_p.l(entry8b.o)
    0x07fc00a8   0x07fc00a8   0x00000008   Code   RO          784    .ARM.Collect$$$$0000000B  mc_p.l(entry9a.o)
    0x07fc00b0   0x07fc00b0   0x00000004   Code   RO          791    .ARM.Collect$$$$0000000E  mc_p.l(entry12b.o)
    0x07fc00b4   0x07fc00b4   0x00000000   Code   RO          786    .ARM.Collect$$$$0000000F  mc_p.l(entry10a.o)
    0x07fc00b4   0x07fc00b4   0x00000000   Code   RO          788    .ARM.Collect$$$$00000011  mc_p.l(entry11a.o)
    0x07fc00b4   0x07fc00b4   0x00000004   Code   RO          777    .ARM.Collect$$$$00002712  mc_p.l(entry2.o)
    0x07fc00b8   0x07fc00b8   0x00000048   Code   RO            4    .text               system_da14585_586.o
    0x07fc0100   0x07fc0100   0x00000050   Code   RO           60    .text               startup_da14585_586.o
    0x07fc0150   0x07fc0150   0x00000004   Code   RO           64    .text               exceptions.o
    0x07fc0154   0x07fc0154   0x00000100   Code   RO          117    .text               gpio.o
    0x07fc0254   0x07fc0254   0x0000015c   Code   RO          242    .text               uart.o
    0x07fc03b0   0x07fc03b0   0x00000058   Code   RO          447    .text               systick.o
    0x07fc0408   0x07fc0408   0x00000064   Code   RO          495    .text               hw_otpc_58x.o
    0x07fc046c   0x07fc046c   0x0000004c   Code   RO          635    .text               main.o
    0x07fc04b8   0x07fc04b8   0x00000044   Code   RO          683    .text               user_periph_setup.o
    0x07fc04fc   0x07fc04fc   0x000000b0   Code   RO          714    .text               arch_system.o
    0x07fc05ac   0x07fc05ac   0x00000024   Code   RO          794    .text               mc_p.l(init.o)
    0x07fc05d0   0x07fc05d0   0x0000000e   Code   RO          798    i.__scatterload_copy  mc_p.l(handlers.o)
    0x07fc05de   0x07fc05de   0x00000002   Code   RO          799    i.__scatterload_null  mc_p.l(handlers.o)
    0x07fc05e0   0x07fc05e0   0x0000000e   Code   RO          800    i.__scatterload_zeroinit  mc_p.l(handlers.o)
    0x07fc05ee   0x07fc05ee   0x00000002   PAD
    0x07fc05f0   0x07fc05f0   0x00000020   Data   RO          796    Region$$Table       anon$$obj.o


    Execution Region RW_IRAM1 (Exec base: 0x07fc8000, Load base: 0x07fc0610, Size: 0x00000660, Max: 0x00004000, ABSOLUTE)

    Exec Addr    Load Addr    Size         Type   Attr      Idx    E Section Name        Object

    0x07fc8000   0x07fc0610   0x00000004   Data   RW          636    .data               main.o
    0x07fc8004   0x07fc0614   0x00000004   PAD
    0x07fc8008        -       0x00000600   Zero   RW           57    STACK               startup_da14585_586.o
    0x07fc8608        -       0x00000014   Zero   RW          130    retention_mem_area0  gpio.o
    0x07fc861c        -       0x00000040   Zero   RW          261    retention_mem_area0  uart.o
    0x07fc865c        -       0x00000004   Zero   RW          451    retention_mem_area0  systick.o


==============================================================================

Image component sizes


      Code (inc. data)   RO Data    RW Data    ZI Data      Debug   Object Name

       176         18          0          0          0       3346   arch_system.o
         4          0          0          0          0        590   exceptions.o
       256         16          0          0         20      14712   gpio.o
       100         10          0          0          0       4183   hw_otpc_58x.o
        76         12          0          4          0       1654   main.o
        80         16        160          0       1536        760   startup_da14585_586.o
        72          8          0          0          0     145633   system_da14585_586.o
        88         10          0          0          4       1822   systick.o
       348         12          0          0         64      12038   uart.o
        68          6          0          0          0       3662   user_periph_setup.o

    ----------------------------------------------------------------------
      1268        108        192          4       1628     188400   Object Totals
         0          0         32          0          0          0   (incl. Generated)
         0          0          0          0          4          0   (incl. Padding)

    ----------------------------------------------------------------------

      Code (inc. data)   RO Data    RW Data    ZI Data      Debug   Library Member Name

         0          0          0          0          0          0   entry.o
         0          0          0          0          0          0   entry10a.o
         0          0          0          0          0          0   entry11a.o
         4          0          0          0          0          0   entry12b.o
         8          4          0          0          0          0   entry2.o
         4          0          0          0          0          0   entry5.o
         0          0          0          0          0          0   entry7b.o
         0          0          0          0          0          0   entry8b.o
         8          4          0          0          0          0   entry9a.o
        30          0          0          0          0          0   handlers.o
        36          8          0          0          0         68   init.o

    ----------------------------------------------------------------------
        92         16          0          0          0         68   Library Totals
         2          0          0          0          0          0   (incl. Padding)

    ----------------------------------------------------------------------

      Code (inc. data)   RO Data    RW Data    ZI Data      Debug   Library Name

        90         16          0          0          0         68   mc_p.l

    ----------------------------------------------------------------------
        92         16          0          0          0         68   Library Totals

    ----------------------------------------------------------------------

==============================================================================


      Code (inc. data)   RO Data    RW Data    ZI Data      Debug   

      1360        124        192          4       1628     188180   Grand Totals
      1360        124        192          4       1628     188180   ELF Image Totals
      1360        124        192          4          0          0   ROM Totals

==============================================================================

    Total RO  Size (Code + RO Data)                 1552 (   1.52kB)
    Total RW  Size (RW Data + ZI Data)              1632 (   1.59kB)
    Total ROM Size (Code + RO Data + RW Data)       1556 (   1.52kB)

==============================================================================

