<html>
<body>
<pre>
<h1>礦ision Build Log</h1>
<h2>Tool Versions:</h2>
IDE-Version: μVision V5.36.0.0
Copyright (C) 2021 ARM Ltd and ARM Germany GmbH. All rights reserved.
License Information: 11 zk, HP Inc., LIC=X96CK-Z1C4X-12KLE-5DRYC-2AWNK-K9DBX
 
Tool Versions:
Toolchain:       MDK-ARM Plus  Version: 5.36.0.0
Toolchain Path:  D:\Keil_v5\ARM\ARMCC\Bin
C Compiler:      Armcc.exe V5.06 update 7 (build 960)
Assembler:       Armasm.exe V5.06 update 7 (build 960)
Linker/Locator:  ArmLink.exe V5.06 update 7 (build 960)
Library Manager: ArmAr.exe V5.06 update 7 (build 960)
Hex Converter:   FromElf.exe V5.06 update 7 (build 960)
CPU DLL:         SARMCM3.DLL V5.36.0.0
Dialog DLL:      DARMCM1.DLL V1.19.4.0
Target DLL:      Segger\JL2CM3.dll V2.99.40.0
Dialog DLL:      TARMCM1.DLL V1.14.4.0
 
<h2>Project:</h2>
D:\中卡\硬件开发资料\蓝牙\DA14585\DA145xx_SDK\6.0.14.1114\projects\target_apps\ble_examples\ble_app_ota\Keil_5\ble_app_ota.uvprojx
Project File Date:  02/05/2023

<h2>Output:</h2>
*** Using Compiler 'V5.06 update 7 (build 960)', folder: 'D:\Keil_v5\ARM\ARMCC\Bin'
Build target 'DA14585'
assembling startup_DA14585_586.s...
compiling gpio.c...
compiling nmi_handler.c...
compiling chacha20.c...
compiling otp_hdr.c...
compiling syscntl.c...
compiling hash.c...
compiling arch_rom.c...
compiling system_DA14585_586.c...
compiling arch_console.c...
compiling arch_sleep.c...
compiling nvds.c...
compiling hardfault_handler.c...
compiling wkupct_quadec.c...
compiling jump_table.c...
compiling arch_system.c...
compiling adc_58x.c...
compiling spi_58x.c...
compiling trng.c...
compiling arch_main.c...
compiling battery.c...
compiling i2c_eeprom.c...
compiling spi_flash.c...
compiling uart.c...
compiling dma.c...
compiling hw_otpc_58x.c...
compiling i2c.c...
compiling rf_531.c...
compiling ble_arp.c...
compiling attm_db_128.c...
compiling prf_utils.c...
compiling custom_common.c...
compiling diss.c...
compiling rf_585.c...
compiling rwip.c...
compiling custs1_task.c...
compiling suotar_task.c...
compiling diss_task.c...
compiling custs1.c...
compiling suotar.c...
compiling rwble.c...
compiling prf.c...
compiling app_default_handlers.c...
compiling app.c...
compiling app_task.c...
compiling app_security.c...
compiling app_bass.c...
compiling app_bass_task.c...
compiling app_findme.c...
compiling app_security_task.c...
compiling app_findme_task.c...
compiling app_proxr.c...
compiling app_proxr_task.c...
compiling app_diss.c...
compiling app_diss_task.c...
compiling app_suotar_task.c...
compiling app_msg_utils.c...
compiling app_easy_msg_utils.c...
compiling app_suotar.c...
compiling app_entry_point.c...
compiling app_easy_security.c...
compiling app_easy_timer.c...
compiling app_customs.c...
compiling app_customs_common.c...
compiling app_easy_whitelist.c...
compiling app_customs_task.c...
compiling app_utils.c...
compiling user_custs_config.c...
compiling user_custs1_def.c...
compiling app_bond_db.c...
compiling user_periph_setup.c...
compiling user_ota.c...
linking...
Program Size: Code=25370 RO-data=3850 RW-data=4 ZI-data=10908  
FromELF: creating hex file...
After Build - User command #1: fromelf --bincombined --output=".\out_DA14585\Objects\ble_app_ota_585.bin"  ".\out_DA14585\Objects\ble_app_ota_585.axf"
".\out_DA14585\Objects\ble_app_ota_585.axf" - 0 Error(s), 0 Warning(s).

<h2>Software Packages used:</h2>

Package Vendor: ARM
                http://www.keil.com/pack/ARM.CMSIS.5.9.0.pack
                ARM.CMSIS.5.9.0
                CMSIS (Common Microcontroller Software Interface Standard)

<h2>Collection of Component include folders:</h2>
  D:\ProgramData\Packs\ARM\CMSIS\5.9.0\Device\ARM\ARMCM0\Include

<h2>Collection of Component Files used:</h2>
Build Time Elapsed:  00:00:10
</pre>
</body>
</html>
