<html>
<body>
<pre>
<h1>礦ision Build Log</h1>
<h2>Tool Versions:</h2>
IDE-Version: μVision V5.36.0.0
Copyright (C) 2021 ARM Ltd and ARM Germany GmbH. All rights reserved.
License Information: 11 zk, HP Inc., LIC=RC93N-YPPZI-UHB8H-WMFJN-P21WD-VPLKP
 
Tool Versions:
Toolchain:       MDK-ARM Plus  Version: 5.36.0.0
Toolchain Path:  D:\Keil_v5\ARM\ARMCC\Bin
C Compiler:      Armcc.exe V5.06 update 7 (build 960)
Assembler:       Armasm.exe V5.06 update 7 (build 960)
Linker/Locator:  ArmLink.exe V5.06 update 7 (build 960)
Library Manager: ArmAr.exe V5.06 update 7 (build 960)
Hex Converter:   FromElf.exe V5.06 update 7 (build 960)
CPU DLL:         SARMCM3.DLL V5.36.0.0
Dialog DLL:      DARMCM1.DLL V1.19.4.0
Target DLL:      Segger\JL2CM3.dll V2.99.40.0
Dialog DLL:      TARMCM1.DLL V1.14.4.0
 
<h2>Project:</h2>
D:\中卡\硬件开发资料\DA14585\DA145xx_SDK\6.0.14.1114\projects\target_apps\ble_examples\prox_reporter\Keil_5\prox_reporter.uvprojx
Project File Date:  01/12/2022

<h2>Output:</h2>
*** Using Compiler 'V5.06 update 7 (build 960)', folder: 'D:\Keil_v5\ARM\ARMCC\Bin'
Rebuild target 'DA14585'
assembling startup_DA14585_586.s...
compiling arch_console.c...
compiling chacha20.c...
compiling hash.c...
compiling nmi_handler.c...
compiling otp_hdr.c...
compiling system_DA14585_586.c...
compiling hardfault_handler.c...
compiling syscntl.c...
compiling nvds.c...
compiling arch_sleep.c...
compiling gpio.c...
compiling arch_rom.c...
compiling jump_table.c...
compiling arch_main.c...
compiling arch_system.c...
compiling wkupct_quadec.c...
compiling dma.c...
compiling battery.c...
compiling adc_58x.c...
compiling spi_58x.c...
compiling uart.c...
compiling spi_flash.c...
compiling i2c.c...
compiling ble_arp.c...
compiling trng.c...
compiling i2c_eeprom.c...
compiling rf_531.c...
compiling hw_otpc_58x.c...
compiling prf.c...
compiling rf_585.c...
compiling rwip.c...
compiling prf_utils.c...
compiling diss.c...
compiling bass_task.c...
compiling diss_task.c...
compiling bass.c...
compiling proxr.c...
compiling rwble.c...
compiling suotar.c...
compiling suotar_task.c...
compiling app_default_handlers.c...
compiling proxr_task.c...
compiling app.c...
compiling app_security.c...
compiling app_task.c...
compiling app_security_task.c...
compiling app_msg_utils.c...
compiling app_easy_msg_utils.c...
compiling app_diss.c...
compiling app_easy_timer.c...
compiling app_entry_point.c...
compiling app_diss_task.c...
compiling app_bass.c...
compiling app_bass_task.c...
compiling app_easy_security.c...
compiling app_proxr.c...
compiling app_proxr_task.c...
compiling app_suotar_task.c...
compiling app_utils.c...
compiling app_bond_db.c...
compiling app_suotar.c...
compiling app_easy_whitelist.c...
compiling user_proxr.c...
compiling user_periph_setup.c...
linking...
Program Size: Code=26434 RO-data=2758 RW-data=4 ZI-data=9824  
FromELF: creating hex file...
After Build - User command #1: fromelf --bincombined --output=".\out_DA14585\Objects\prox_reporter_585.bin"  ".\out_DA14585\Objects\prox_reporter_585.axf"
".\out_DA14585\Objects\prox_reporter_585.axf" - 0 Error(s), 0 Warning(s).

<h2>Software Packages used:</h2>

Package Vendor: ARM
                http://www.keil.com/pack/ARM.CMSIS.5.8.0.pack
                ARM.CMSIS.5.8.0
                CMSIS (Common Microcontroller Software Interface Standard)

<h2>Collection of Component include folders:</h2>
  D:\ProgramData\Packs\ARM\CMSIS\5.8.0\Device\ARM\ARMCM0\Include

<h2>Collection of Component Files used:</h2>
Build Time Elapsed:  00:00:08
</pre>
</body>
</html>
