<html>
<body>
<pre>
<h1>礦ision Build Log</h1>
<h2>Tool Versions:</h2>
IDE-Version: μVision V5.36.0.0
Copyright (C) 2021 ARM Ltd and ARM Germany GmbH. All rights reserved.
License Information: t tyh212@, HP Inc., LIC=IK1BF-6PTAN-UH48H-WIUIG-JYCS8-6VVF6
 
Tool Versions:
Toolchain:       MDK-ARM Plus  Version: 5.36.0.0
Toolchain Path:  C:\Keil_v5\ARM\ARMCC\Bin
C Compiler:      Armcc.exe V5.06 update 7 (build 960)
Assembler:       Armasm.exe V5.06 update 7 (build 960)
Linker/Locator:  ArmLink.exe V5.06 update 7 (build 960)
Library Manager: ArmAr.exe V5.06 update 7 (build 960)
Hex Converter:   FromElf.exe V5.06 update 7 (build 960)
CPU DLL:         SARMCM3.DLL V5.36.0.0
Dialog DLL:      DARMCM1.DLL V1.19.4.0
Target DLL:      Segger\JL2CM3.dll V2.99.40.0
Dialog DLL:      TARMCM1.DLL V1.14.4.0
 
<h2>Project:</h2>
C:\Users\tyh21\Desktop\blinky工程(改造适配）\6.0.14.1114\projects\target_apps\peripheral_examples\blinky\Keil_5\blinky.uvprojx
Project File Date:  06/14/2025

<h2>Output:</h2>
*** Using Compiler 'V5.06 update 7 (build 960)', folder: 'C:\Keil_v5\ARM\ARMCC\Bin'
Rebuild target 'DA14585'
compiling system_DA14585_586.c...
compiling exceptions.c...
assembling startup_DA14585_586.s...
compiling syscntl.c...
compiling hw_otpc_58x.c...
compiling uart_utils.c...
compiling systick.c...
compiling uart.c...
compiling user_periph_setup.c...
compiling arch_system.c...
compiling main.c...
compiling EPD_2in13_V2.c...
compiling gpio.c...
compiling ImageData.c...
linking...
Program Size: Code=2972 RO-data=3108 RW-data=0 ZI-data=1624  
FromELF: creating hex file...
After Build - User command #1: fromelf --bincombined --output=".\out_DA14585\Objects\blinky_585.bin"  ".\out_DA14585\Objects\blinky_585.axf"
".\out_DA14585\Objects\blinky_585.axf" - 0 Error(s), 0 Warning(s).

<h2>Software Packages used:</h2>

Package Vendor: DialogSemiconductor
                https://s3.eu-central-1.amazonaws.com/lpccs-docs.renesas.com/CMSIS/DialogSemiconductor.DA1458x_DFP.1.1.3.pack
                DialogSemiconductor.DA1458x_DFP.1.1.3
                Dialog Semiconductor BLE ARM DA1458x devices Device Family Pack.

<h2>Collection of Component include folders:</h2>
  C:\Users\tyh21\AppData\Local\Arm\Packs\DialogSemiconductor\DA1458x_DFP\1.1.3\Device\Include

<h2>Collection of Component Files used:</h2>
Build Time Elapsed:  00:00:01
</pre>
</body>
</html>
