Component: ARM Compiler 5.06 update 7 (build 960) Tool: armlink [4d3601]

==============================================================================

Section Cross References

    system_da14585_586.o(.text) refers to system_da14585_586.o(.data) for .data
    startup_da14585_586.o(RESET) refers to startup_da14585_586.o(STACK) for __initial_sp
    startup_da14585_586.o(RESET) refers to startup_da14585_586.o(.text) for Reset_Handler
    startup_da14585_586.o(RESET) refers to systick.o(.text) for SysTick_Handler
    startup_da14585_586.o(RESET) refers to uart.o(.text) for UART_Handler
    startup_da14585_586.o(RESET) refers to gpio.o(.text) for GPIO0_Handler
    startup_da14585_586.o(.text) refers to system_da14585_586.o(.text) for SystemInit
    startup_da14585_586.o(.text) refers to entry.o(.ARM.Collect$$$$00000000) for __main
    startup_da14585_586.o(.text) refers to exceptions.o(.text) for NMI_HandlerC
    gpio.o(.text) refers to gpio.o(retention_mem_area0) for retention_mem_area0
    gpio.o(.text) refers to gpio.o(.text) for gpioshift16
    gpio.o(.text) refers to gpio.o(.text) for gpioshift16
    gpio.o(.text) refers to gpio.o(retention_mem_area0) for retention_mem_area0
    uart.o(.text) refers to uart.o(retention_mem_area0) for retention_mem_area0
    uart.o(.text) refers to uart.o(retention_mem_area0) for retention_mem_area0
    uart.o(.text) refers to uart.o(retention_mem_area0) for retention_mem_area0
    uart.o(.text) refers to uart.o(retention_mem_area0) for retention_mem_area0
    uart.o(.text) refers to uart.o(.text) for uart_write_byte
    uart.o(.text) refers to uart.o(.text) for uart_write_buffer
    uart.o(.text) refers to uart.o(.text) for __NVIC_DisableIRQ
    uart.o(.text) refers to uart.o(.text) for __NVIC_SetPriority
    uart.o(.text) refers to uart.o(.text) for __NVIC_EnableIRQ
    uart.o(.text) refers to uart.o(retention_mem_area0) for retention_mem_area0
    uart.o(.text) refers to uart.o(.text) for uart_read_byte
    uart.o(.text) refers to uart.o(.text) for uart_read_buffer
    uart.o(.text) refers to uart.o(.text) for __NVIC_DisableIRQ
    uart.o(.text) refers to uart.o(.text) for __NVIC_SetPriority
    uart.o(.text) refers to uart.o(.text) for __NVIC_EnableIRQ
    uart.o(.text) refers to uart.o(retention_mem_area0) for retention_mem_area0
    uart.o(.text) refers to uart.o(.text) for uart_enable_flow_control
    uart_utils.o(.text) refers to idiv.o(.text) for __aeabi_idivmod
    uart_utils.o(.text) refers to strlen.o(.text) for strlen
    uart_utils.o(.text) refers to uart.o(.text) for uart_send
    uart_utils.o(.text) refers to strlen.o(.text) for strlen
    uart_utils.o(.text) refers to uart.o(.text) for uart_send
    uart_utils.o(.text) refers to uart_utils.o(.text) for printf_byte
    uart_utils.o(.text) refers to uart_utils.o(.text) for printf_byte
    uart_utils.o(.text) refers to uart_utils.o(.text) for itoa
    uart_utils.o(.text) refers to uart_utils.o(.text) for printf_string
    hw_otpc_58x.o(.text) refers to hw_otpc_58x.o(.constdata) for .constdata
    hw_otpc_58x.o(.text) refers to hw_otpc_58x.o(.text) for hw_otpc_num_of_rr
    hw_otpc_58x.o(.text) refers to hw_otpc_58x.o(.text) for hw_otpc_manual_word_prog
    hw_otpc_58x.o(.text) refers to hw_otpc_58x.o(.text) for manual_prog_verify
    hw_otpc_58x.o(.text) refers to hw_otpc_58x.o(.text) for hw_otpc_write_rr
    hw_otpc_58x.o(.text) refers to hw_otpc_58x.o(.text) for hw_otpc_manual_read_on
    hw_otpc_58x.o(.text) refers to hw_otpc_58x.o(.text) for hw_otpc_manual_word_prog
    hw_otpc_58x.o(.text) refers to hw_otpc_58x.o(.text) for wait_for_auto_done
    hw_otpc_58x.o(.text) refers to hw_otpc_58x.o(.text) for wait_for_auto_done
    hw_otpc_58x.o(.text) refers to hw_otpc_58x.o(.text) for wait_for_auto_done
    hw_otpc_58x.o(.text) refers to hw_otpc_58x.o(.text) for wait_for_auto_done
    hw_otpc_58x.o(.text) refers to hw_otpc_58x.o(.text) for hw_otpc_core_test
    hw_otpc_58x.o(.text) refers to hw_otpc_58x.o(.text) for hw_otpc_core_test
    hw_otpc_58x.o(.text) refers to hw_otpc_58x.o(.text) for hw_otpc_core_test
    systick.o(.text) refers to systick.o(retention_mem_area0) for retention_mem_area0
    systick.o(.text) refers to systick.o(retention_mem_area0) for retention_mem_area0
    main.o(.text) refers to arch_system.o(.text) for system_init
    main.o(.text) refers to epd_2in13_v2.o(.text) for EPD_GPIO_init
    main.o(.text) refers to epd_2in13_v2.o(.text) for EPD_2IN13_V2_Init_RED
    main.o(.text) refers to epd_2in13_v2.o(.text) for EPD_2IN13_V2_Clear_RED
    main.o(.text) refers to epd_2in13_v2.o(.text) for EPD_2IN13_V2_TurnOnDisplay_RED
    main.o(.text) refers to systick.o(.text) for systick_wait
    main.o(.text) refers to imagedata.o(.constdata) for gImage_2in13d
    main.o(.text) refers to gpio.o(.text) for GPIO_SetActive
    user_periph_setup.o(.text) refers to uart.o(.text) for uart_initialize
    user_periph_setup.o(.text) refers to gpio.o(.text) for GPIO_ConfigurePin
    user_periph_setup.o(.text) refers to user_periph_setup.o(.constdata) for .constdata
    arch_system.o(.text) refers to arch_system.o(retention_mem_area0) for retention_mem_area0
    arch_system.o(.text) refers to gpio.o(.text) for GPIO_init
    arch_system.o(.text) refers to hw_otpc_58x.o(.text) for hw_otpc_manual_read_on
    arch_system.o(.text) refers to user_periph_setup.o(.text) for periph_init
    epd_2in13_v2.o(.text) refers to gpio.o(.text) for GPIO_ConfigurePin
    epd_2in13_v2.o(.text) refers to systick.o(.text) for systick_wait
    epd_2in13_v2.o(.text) refers to epd_2in13_v2.o(.constdata) for .constdata
    epd_2in13_v2.o(.text) refers to epd_2in13_v2.o(.text) for EPD_2IN13_V2_SendCommand
    epd_2in13_v2.o(.text) refers to epd_2in13_v2.o(.text) for EPD_2IN13_V2_SendCommand
    epd_2in13_v2.o(.text) refers to epd_2in13_v2.o(.text) for EPD_2IN13_V2_Reset
    epd_2in13_v2.o(.text) refers to epd_2in13_v2.o(.text) for EPD_2IN13_V2_SendCommand
    epd_2in13_v2.o(.text) refers to epd_2in13_v2.o(.text) for EPD_2IN13_V2_SendCommand
    epd_2in13_v2.o(.text) refers to epd_2in13_v2.o(.text) for EPD_2IN13_V2_SendCommand
    epd_2in13_v2.o(.text) refers to epd_2in13_v2.o(.text) for EPD_SetWindow
    epd_2in13_v2.o(.text) refers to epd_2in13_v2.o(.text) for EPD_2IN13_V2_SendCommand
    epd_2in13_v2.o(.text) refers to epd_2in13_v2.o(.text) for EPD_SetWindow
    epd_2in13_v2.o(.text) refers to epd_2in13_v2.o(.text) for EPD_2IN13_V2_SendCommand
    epd_2in13_v2.o(.text) refers to epd_2in13_v2.o(.text) for EPD_2IN13_V2_SendCommand
    epd_2in13_v2.o(.text) refers to epd_2in13_v2.o(.text) for EPD_2IN13_V2_SendCommand
    epd_2in13_v2.o(.text) refers to epd_2in13_v2.o(.text) for EPD_2IN13_V2_SendCommand
    epd_2in13_v2.o(.text) refers to epd_2in13_v2.o(.text) for EPD_2IN13_V2_TurnOnDisplayPart
    entry.o(.ARM.Collect$$$$00000000) refers (Special) to entry10a.o(.ARM.Collect$$$$0000000F) for __rt_final_cpp
    entry.o(.ARM.Collect$$$$00000000) refers (Special) to entry11a.o(.ARM.Collect$$$$00000011) for __rt_final_exit
    entry.o(.ARM.Collect$$$$00000000) refers (Special) to entry12b.o(.ARM.Collect$$$$0000000E) for __rt_lib_shutdown_fini
    entry.o(.ARM.Collect$$$$00000000) refers (Special) to entry7b.o(.ARM.Collect$$$$00000008) for _main_clock
    entry.o(.ARM.Collect$$$$00000000) refers (Special) to entry8b.o(.ARM.Collect$$$$0000000A) for _main_cpp_init
    entry.o(.ARM.Collect$$$$00000000) refers (Special) to entry9a.o(.ARM.Collect$$$$0000000B) for _main_init
    entry.o(.ARM.Collect$$$$00000000) refers (Special) to entry5.o(.ARM.Collect$$$$00000004) for _main_scatterload
    entry.o(.ARM.Collect$$$$00000000) refers (Special) to entry2.o(.ARM.Collect$$$$00000001) for _main_stk
    idiv.o(.text) refers to uidiv.o(.text) for __aeabi_uidivmod
    entry2.o(.ARM.Collect$$$$00000001) refers to entry2.o(.ARM.Collect$$$$00002712) for __lit__00000000
    entry2.o(.ARM.Collect$$$$00002712) refers to startup_da14585_586.o(STACK) for __initial_sp
    entry2.o(__vectab_stack_and_reset_area) refers to startup_da14585_586.o(STACK) for __initial_sp
    entry2.o(__vectab_stack_and_reset_area) refers to entry.o(.ARM.Collect$$$$00000000) for __main
    entry5.o(.ARM.Collect$$$$00000004) refers to init.o(.text) for __scatterload
    entry9a.o(.ARM.Collect$$$$0000000B) refers to main.o(.text) for main
    entry9b.o(.ARM.Collect$$$$0000000C) refers to main.o(.text) for main
    init.o(.text) refers to entry5.o(.ARM.Collect$$$$00000004) for __main_after_scatterload


==============================================================================

Removing Unused input sections from the image.

    Removing system_da14585_586.o(.rev16_text), (4 bytes).
    Removing system_da14585_586.o(.revsh_text), (4 bytes).
    Removing system_da14585_586.o(.text), (16 bytes).
    Removing system_da14585_586.o(.data), (4 bytes).
    Removing startup_da14585_586.o(HEAP), (256 bytes).
    Removing syscntl.o(.rev16_text), (4 bytes).
    Removing syscntl.o(.revsh_text), (4 bytes).
    Removing syscntl.o(.text), (22 bytes).
    Removing syscntl.o(.text), (22 bytes).
    Removing syscntl.o(.text), (24 bytes).
    Removing gpio.o(.rev16_text), (4 bytes).
    Removing gpio.o(.revsh_text), (4 bytes).
    Removing gpio.o(.text), (28 bytes).
    Removing gpio.o(.text), (48 bytes).
    Removing gpio.o(.text), (32 bytes).
    Removing gpio.o(.text), (248 bytes).
    Removing gpio.o(.text), (144 bytes).
    Removing gpio.o(.text), (36 bytes).
    Removing gpio.o(.text), (24 bytes).
    Removing gpio.o(.text), (92 bytes).
    Removing gpio.o(.text), (12 bytes).
    Removing gpio.o(.text), (16 bytes).
    Removing gpio.o(.text), (16 bytes).
    Removing uart.o(.rev16_text), (4 bytes).
    Removing uart.o(.revsh_text), (4 bytes).
    Removing uart.o(.text), (68 bytes).
    Removing uart.o(.text), (56 bytes).
    Removing uart.o(.text), (32 bytes).
    Removing uart.o(.text), (32 bytes).
    Removing uart.o(.text), (32 bytes).
    Removing uart.o(.text), (14 bytes).
    Removing uart.o(.text), (30 bytes).
    Removing uart.o(.text), (120 bytes).
    Removing uart.o(.text), (12 bytes).
    Removing uart.o(.text), (14 bytes).
    Removing uart.o(.text), (28 bytes).
    Removing uart.o(.text), (120 bytes).
    Removing uart.o(.text), (22 bytes).
    Removing uart.o(.text), (94 bytes).
    Removing uart.o(.text), (24 bytes).
    Removing uart.o(.text), (32 bytes).
    Removing uart_utils.o(.rev16_text), (4 bytes).
    Removing uart_utils.o(.revsh_text), (4 bytes).
    Removing uart_utils.o(.text), (74 bytes).
    Removing uart_utils.o(.text), (76 bytes).
    Removing uart_utils.o(.text), (26 bytes).
    Removing uart_utils.o(.text), (22 bytes).
    Removing uart_utils.o(.text), (42 bytes).
    Removing uart_utils.o(.text), (28 bytes).
    Removing hw_otpc_58x.o(.rev16_text), (4 bytes).
    Removing hw_otpc_58x.o(.revsh_text), (4 bytes).
    Removing hw_otpc_58x.o(.text), (40 bytes).
    Removing hw_otpc_58x.o(.text), (20 bytes).
    Removing hw_otpc_58x.o(.text), (80 bytes).
    Removing hw_otpc_58x.o(.text), (96 bytes).
    Removing hw_otpc_58x.o(.text), (164 bytes).
    Removing hw_otpc_58x.o(.text), (12 bytes).
    Removing hw_otpc_58x.o(.text), (168 bytes).
    Removing hw_otpc_58x.o(.text), (64 bytes).
    Removing hw_otpc_58x.o(.text), (52 bytes).
    Removing hw_otpc_58x.o(.text), (92 bytes).
    Removing hw_otpc_58x.o(.text), (104 bytes).
    Removing hw_otpc_58x.o(.text), (32 bytes).
    Removing hw_otpc_58x.o(.text), (16 bytes).
    Removing hw_otpc_58x.o(.text), (10 bytes).
    Removing hw_otpc_58x.o(.text), (10 bytes).
    Removing hw_otpc_58x.o(.text), (10 bytes).
    Removing hw_otpc_58x.o(.text), (16 bytes).
    Removing hw_otpc_58x.o(.text), (116 bytes).
    Removing hw_otpc_58x.o(.text), (36 bytes).
    Removing hw_otpc_58x.o(.constdata), (20 bytes).
    Removing systick.o(.rev16_text), (4 bytes).
    Removing systick.o(.revsh_text), (4 bytes).
    Removing systick.o(.text), (12 bytes).
    Removing systick.o(.text), (16 bytes).
    Removing main.o(.rev16_text), (4 bytes).
    Removing main.o(.revsh_text), (4 bytes).
    Removing main.o(.text), (36 bytes).
    Removing user_periph_setup.o(.rev16_text), (4 bytes).
    Removing user_periph_setup.o(.revsh_text), (4 bytes).
    Removing arch_system.o(.rev16_text), (4 bytes).
    Removing arch_system.o(.revsh_text), (4 bytes).
    Removing arch_system.o(.text), (2 bytes).
    Removing arch_system.o(.text), (92 bytes).
    Removing arch_system.o(retention_mem_area0), (2 bytes).
    Removing epd_2in13_v2.o(.rev16_text), (4 bytes).
    Removing epd_2in13_v2.o(.revsh_text), (4 bytes).
    Removing epd_2in13_v2.o(.text), (26 bytes).
    Removing epd_2in13_v2.o(.text), (98 bytes).
    Removing epd_2in13_v2.o(.text), (32 bytes).
    Removing epd_2in13_v2.o(.text), (32 bytes).
    Removing epd_2in13_v2.o(.text), (54 bytes).
    Removing epd_2in13_v2.o(.text), (94 bytes).
    Removing epd_2in13_v2.o(.text), (58 bytes).
    Removing epd_2in13_v2.o(.text), (60 bytes).
    Removing imagedata.o(.constdata), (5526 bytes).
    Removing imagedata.o(.constdata), (5000 bytes).
    Removing imagedata.o(.constdata), (5000 bytes).
    Removing imagedata.o(.constdata), (5000 bytes).
    Removing imagedata.o(.constdata), (2888 bytes).
    Removing imagedata.o(.constdata), (2888 bytes).
    Removing imagedata.o(.constdata), (5808 bytes).
    Removing imagedata.o(.constdata), (5808 bytes).
    Removing imagedata.o(.constdata), (5808 bytes).
    Removing imagedata.o(.constdata), (5808 bytes).
    Removing imagedata.o(.constdata), (5808 bytes).
    Removing imagedata.o(.constdata), (11616 bytes).
    Removing imagedata.o(.constdata), (4736 bytes).
    Removing imagedata.o(.constdata), (4736 bytes).
    Removing imagedata.o(.constdata), (4736 bytes).
    Removing imagedata.o(.constdata), (4000 bytes).
    Removing imagedata.o(.constdata), (2756 bytes).
    Removing imagedata.o(.constdata), (2756 bytes).
    Removing imagedata.o(.constdata), (2756 bytes).
    Removing imagedata.o(.constdata), (2756 bytes).
    Removing imagedata.o(.constdata), (5630 bytes).
    Removing imagedata.o(.constdata), (5630 bytes).
    Removing imagedata.o(.constdata), (5630 bytes).
    Removing imagedata.o(.constdata), (33606 bytes).
    Removing imagedata.o(.constdata), (128000 bytes).
    Removing imagedata.o(.constdata), (15000 bytes).
    Removing imagedata.o(.constdata), (30000 bytes).
    Removing imagedata.o(.constdata), (15000 bytes).
    Removing imagedata.o(.constdata), (15000 bytes).
    Removing imagedata.o(.constdata), (13728 bytes).
    Removing imagedata.o(.constdata), (33600 bytes).
    Removing imagedata.o(.constdata), (38886 bytes).
    Removing imagedata.o(.constdata), (33600 bytes).
    Removing imagedata.o(.constdata), (33600 bytes).
    Removing imagedata.o(.constdata), (38886 bytes).
    Removing imagedata.o(.constdata), (38886 bytes).
    Removing imagedata.o(.constdata), (30720 bytes).
    Removing imagedata.o(.constdata), (48000 bytes).
    Removing imagedata.o(.constdata), (30720 bytes).
    Removing imagedata.o(.constdata), (30720 bytes).
    Removing imagedata.o(.constdata), (48000 bytes).
    Removing imagedata.o(.constdata), (48000 bytes).
    Removing imagedata.o(.constdata), (128 bytes).
    Removing imagedata.o(.constdata), (128 bytes).
    Removing imagedata.o(.constdata), (189 bytes).
    Removing imagedata.o(.constdata), (22496 bytes).
    Removing imagedata.o(.constdata), (11248 bytes).

142 unused section(s) (total 855119 bytes) removed from the image.

==============================================================================

Image Symbol Table

    Local Symbols

    Symbol Name                              Value     Ov Type        Size  Object(Section)

    ../clib/microlib/division.c              0x00000000   Number         0  idiv.o ABSOLUTE
    ../clib/microlib/division.c              0x00000000   Number         0  uidiv.o ABSOLUTE
    ../clib/microlib/init/entry.s            0x00000000   Number         0  entry10b.o ABSOLUTE
    ../clib/microlib/init/entry.s            0x00000000   Number         0  entry10a.o ABSOLUTE
    ../clib/microlib/init/entry.s            0x00000000   Number         0  entry11b.o ABSOLUTE
    ../clib/microlib/init/entry.s            0x00000000   Number         0  entry9b.o ABSOLUTE
    ../clib/microlib/init/entry.s            0x00000000   Number         0  entry.o ABSOLUTE
    ../clib/microlib/init/entry.s            0x00000000   Number         0  entry9a.o ABSOLUTE
    ../clib/microlib/init/entry.s            0x00000000   Number         0  entry2.o ABSOLUTE
    ../clib/microlib/init/entry.s            0x00000000   Number         0  entry8b.o ABSOLUTE
    ../clib/microlib/init/entry.s            0x00000000   Number         0  entry8a.o ABSOLUTE
    ../clib/microlib/init/entry.s            0x00000000   Number         0  entry7b.o ABSOLUTE
    ../clib/microlib/init/entry.s            0x00000000   Number         0  entry7a.o ABSOLUTE
    ../clib/microlib/init/entry.s            0x00000000   Number         0  entry5.o ABSOLUTE
    ../clib/microlib/init/entry.s            0x00000000   Number         0  entry11a.o ABSOLUTE
    ../clib/microlib/init/entry.s            0x00000000   Number         0  entry12a.o ABSOLUTE
    ../clib/microlib/init/entry.s            0x00000000   Number         0  entry12b.o ABSOLUTE
    ../clib/microlib/string/strlen.c         0x00000000   Number         0  strlen.o ABSOLUTE
    ..\..\..\..\..\sdk\platform\arch\boot\ARM\startup_DA14585_586.s 0x00000000   Number         0  startup_da14585_586.o ABSOLUTE
    ..\..\..\..\..\sdk\platform\arch\boot\system_DA14585_586.c 0x00000000   Number         0  system_da14585_586.o ABSOLUTE
    ..\..\..\..\..\sdk\platform\arch\main\arch_system.c 0x00000000   Number         0  arch_system.o ABSOLUTE
    ..\..\..\..\..\sdk\platform\driver\gpio\gpio.c 0x00000000   Number         0  gpio.o ABSOLUTE
    ..\..\..\..\..\sdk\platform\driver\hw_otpc\hw_otpc_58x.c 0x00000000   Number         0  hw_otpc_58x.o ABSOLUTE
    ..\..\..\..\..\sdk\platform\driver\syscntl\syscntl.c 0x00000000   Number         0  syscntl.o ABSOLUTE
    ..\..\..\..\..\sdk\platform\driver\systick\systick.c 0x00000000   Number         0  systick.o ABSOLUTE
    ..\..\..\..\..\sdk\platform\driver\uart\uart.c 0x00000000   Number         0  uart.o ABSOLUTE
    ..\..\..\..\..\sdk\platform\driver\uart\uart_utils.c 0x00000000   Number         0  uart_utils.o ABSOLUTE
    ..\..\shared\source\exceptions.c         0x00000000   Number         0  exceptions.o ABSOLUTE
    ..\\..\\..\\..\\..\\sdk\\platform\\arch\\boot\\system_DA14585_586.c 0x00000000   Number         0  system_da14585_586.o ABSOLUTE
    ..\\..\\..\\..\\..\\sdk\\platform\\arch\\main\\arch_system.c 0x00000000   Number         0  arch_system.o ABSOLUTE
    ..\\..\\..\\..\\..\\sdk\\platform\\driver\\gpio\\gpio.c 0x00000000   Number         0  gpio.o ABSOLUTE
    ..\\..\\..\\..\\..\\sdk\\platform\\driver\\hw_otpc\\hw_otpc_58x.c 0x00000000   Number         0  hw_otpc_58x.o ABSOLUTE
    ..\\..\\..\\..\\..\\sdk\\platform\\driver\\syscntl\\syscntl.c 0x00000000   Number         0  syscntl.o ABSOLUTE
    ..\\..\\..\\..\\..\\sdk\\platform\\driver\\systick\\systick.c 0x00000000   Number         0  systick.o ABSOLUTE
    ..\\..\\..\\..\\..\\sdk\\platform\\driver\\uart\\uart.c 0x00000000   Number         0  uart.o ABSOLUTE
    ..\\..\\..\\..\\..\\sdk\\platform\\driver\\uart\\uart_utils.c 0x00000000   Number         0  uart_utils.o ABSOLUTE
    ..\\src\\EPD_2in13_V2.c                  0x00000000   Number         0  epd_2in13_v2.o ABSOLUTE
    ..\\src\\main.c                          0x00000000   Number         0  main.o ABSOLUTE
    ..\\src\\user_periph_setup.c             0x00000000   Number         0  user_periph_setup.o ABSOLUTE
    ..\src\EPD_2in13_V2.c                    0x00000000   Number         0  epd_2in13_v2.o ABSOLUTE
    ..\src\ImageData.c                       0x00000000   Number         0  imagedata.o ABSOLUTE
    ..\src\main.c                            0x00000000   Number         0  main.o ABSOLUTE
    ..\src\user_periph_setup.c               0x00000000   Number         0  user_periph_setup.o ABSOLUTE
    dc.s                                     0x00000000   Number         0  dc.o ABSOLUTE
    handlers.s                               0x00000000   Number         0  handlers.o ABSOLUTE
    init.s                                   0x00000000   Number         0  init.o ABSOLUTE
    RESET                                    0x07fc0000   Section      160  startup_da14585_586.o(RESET)
    .ARM.Collect$$$$00000000                 0x07fc00a0   Section        0  entry.o(.ARM.Collect$$$$00000000)
    .ARM.Collect$$$$00000001                 0x07fc00a0   Section        4  entry2.o(.ARM.Collect$$$$00000001)
    .ARM.Collect$$$$00000004                 0x07fc00a4   Section        4  entry5.o(.ARM.Collect$$$$00000004)
    .ARM.Collect$$$$00000008                 0x07fc00a8   Section        0  entry7b.o(.ARM.Collect$$$$00000008)
    .ARM.Collect$$$$0000000A                 0x07fc00a8   Section        0  entry8b.o(.ARM.Collect$$$$0000000A)
    .ARM.Collect$$$$0000000B                 0x07fc00a8   Section        8  entry9a.o(.ARM.Collect$$$$0000000B)
    .ARM.Collect$$$$0000000E                 0x07fc00b0   Section        4  entry12b.o(.ARM.Collect$$$$0000000E)
    .ARM.Collect$$$$0000000F                 0x07fc00b4   Section        0  entry10a.o(.ARM.Collect$$$$0000000F)
    .ARM.Collect$$$$00000011                 0x07fc00b4   Section        0  entry11a.o(.ARM.Collect$$$$00000011)
    .ARM.Collect$$$$00002712                 0x07fc00b4   Section        4  entry2.o(.ARM.Collect$$$$00002712)
    __lit__00000000                          0x07fc00b4   Data           4  entry2.o(.ARM.Collect$$$$00002712)
    .text                                    0x07fc00b8   Section        0  system_da14585_586.o(.text)
    __NVIC_DisableIRQ                        0x07fc00df   Thumb Code    26  system_da14585_586.o(.text)
    .text                                    0x07fc0100   Section       80  startup_da14585_586.o(.text)
    NMI_Handler                              0x07fc0109   Thumb Code    24  startup_da14585_586.o(.text)
    HardFault_Handler                        0x07fc0121   Thumb Code    24  startup_da14585_586.o(.text)
    .text                                    0x07fc0150   Section        0  exceptions.o(.text)
    .text                                    0x07fc0154   Section        0  gpio.o(.text)
    gpioshift16                              0x07fc023f   Thumb Code    32  gpio.o(.text)
    .text                                    0x07fc0270   Section        0  uart.o(.text)
    uart_rx_isr                              0x07fc0271   Thumb Code    72  uart.o(.text)
    uart_intr_hndl                           0x07fc02b9   Thumb Code   156  uart.o(.text)
    uart_tx_isr                              0x07fc0461   Thumb Code   100  uart.o(.text)
    .text                                    0x07fc04d0   Section        0  hw_otpc_58x.o(.text)
    .text                                    0x07fc0534   Section        0  systick.o(.text)
    .text                                    0x07fc05b0   Section        0  main.o(.text)
    .text                                    0x07fc05e4   Section        0  user_periph_setup.o(.text)
    .text                                    0x07fc0634   Section        0  arch_system.o(.text)
    .text                                    0x07fc06e4   Section        0  epd_2in13_v2.o(.text)
    EPD_2IN13_V2_Reset                       0x07fc0a69   Thumb Code    34  epd_2in13_v2.o(.text)
    EPD_2IN13_V2_SendCommand                 0x07fc0a8b   Thumb Code    36  epd_2in13_v2.o(.text)
    EPD_2IN13_V2_SendData                    0x07fc0aaf   Thumb Code    36  epd_2in13_v2.o(.text)
    .text                                    0x07fc0adc   Section        0  epd_2in13_v2.o(.text)
    .text                                    0x07fc0af6   Section        0  epd_2in13_v2.o(.text)
    .text                                    0x07fc0bae   Section        0  epd_2in13_v2.o(.text)
    .text                                    0x07fc0bf8   Section       36  init.o(.text)
    i.__scatterload_copy                     0x07fc0c1c   Section       14  handlers.o(i.__scatterload_copy)
    i.__scatterload_null                     0x07fc0c2a   Section        2  handlers.o(i.__scatterload_null)
    i.__scatterload_zeroinit                 0x07fc0c2c   Section       14  handlers.o(i.__scatterload_zeroinit)
    .constdata                               0x07fc0c3c   Section       24  user_periph_setup.o(.constdata)
    uart_cfg                                 0x07fc0c3c   Data          24  user_periph_setup.o(.constdata)
    .constdata                               0x07fc0c54   Section      152  epd_2in13_v2.o(.constdata)
    .constdata                               0x07fc0cec   Section     2756  imagedata.o(.constdata)
    STACK                                    0x07fc8000   Section     1536  startup_da14585_586.o(STACK)
    retention_mem_area0                      0x07fc8600   Section       20  gpio.o(retention_mem_area0)
    retention_mem_area0                      0x07fc8614   Section       64  uart.o(retention_mem_area0)
    uartn_env                                0x07fc8614   Data          64  uart.o(retention_mem_area0)
    retention_mem_area0                      0x07fc8654   Section        4  systick.o(retention_mem_area0)

    Global Symbols

    Symbol Name                              Value     Ov Type        Size  Object(Section)

    BuildAttributes$$THM_ISAv3M$S$PE$A:L22$X:L11$S22$IEEE1$IW$USESV6$~STKCKD$USESV7$~SHL$OSPACE$EBA8$MICROLIB$REQ8$PRES8$EABIv2 0x00000000   Number         0  anon$$obj.o ABSOLUTE
    __ARM_use_no_argv                        0x00000000   Number         0  main.o ABSOLUTE
    __arm_fini_                               - Undefined Weak Reference
    __cpp_initialize__aeabi_                  - Undefined Weak Reference
    __cxa_finalize                            - Undefined Weak Reference
    __decompress                              - Undefined Weak Reference
    _clock_init                               - Undefined Weak Reference
    _microlib_exit                            - Undefined Weak Reference
    reset_indication                          - Undefined Weak Reference
    __Vectors_Size                           0x000000a0   Number         0  startup_da14585_586.o ABSOLUTE
    __Vectors                                0x07fc0000   Data           4  startup_da14585_586.o(RESET)
    __Vectors_End                            0x07fc00a0   Data           0  startup_da14585_586.o(RESET)
    __main                                   0x07fc00a1   Thumb Code     0  entry.o(.ARM.Collect$$$$00000000)
    _main_stk                                0x07fc00a1   Thumb Code     0  entry2.o(.ARM.Collect$$$$00000001)
    _main_scatterload                        0x07fc00a5   Thumb Code     0  entry5.o(.ARM.Collect$$$$00000004)
    __main_after_scatterload                 0x07fc00a9   Thumb Code     0  entry5.o(.ARM.Collect$$$$00000004)
    _main_clock                              0x07fc00a9   Thumb Code     0  entry7b.o(.ARM.Collect$$$$00000008)
    _main_cpp_init                           0x07fc00a9   Thumb Code     0  entry8b.o(.ARM.Collect$$$$0000000A)
    _main_init                               0x07fc00a9   Thumb Code     0  entry9a.o(.ARM.Collect$$$$0000000B)
    __rt_lib_shutdown_fini                   0x07fc00b1   Thumb Code     0  entry12b.o(.ARM.Collect$$$$0000000E)
    __rt_final_cpp                           0x07fc00b5   Thumb Code     0  entry10a.o(.ARM.Collect$$$$0000000F)
    __rt_final_exit                          0x07fc00b5   Thumb Code     0  entry11a.o(.ARM.Collect$$$$00000011)
    SystemInit                               0x07fc00b9   Thumb Code    38  system_da14585_586.o(.text)
    Reset_Handler                            0x07fc0101   Thumb Code     8  startup_da14585_586.o(.text)
    SVC_Handler                              0x07fc0139   Thumb Code     2  startup_da14585_586.o(.text)
    PendSV_Handler                           0x07fc013b   Thumb Code     2  startup_da14585_586.o(.text)
    ADC_Handler                              0x07fc013f   Thumb Code     0  startup_da14585_586.o(.text)
    BLE_RF_DIAG_Handler                      0x07fc013f   Thumb Code     0  startup_da14585_586.o(.text)
    BLE_WAKEUP_LP_Handler                    0x07fc013f   Thumb Code     0  startup_da14585_586.o(.text)
    DMA_Handler                              0x07fc013f   Thumb Code     0  startup_da14585_586.o(.text)
    I2C_Handler                              0x07fc013f   Thumb Code     0  startup_da14585_586.o(.text)
    KEYBRD_Handler                           0x07fc013f   Thumb Code     0  startup_da14585_586.o(.text)
    PCM_Handler                              0x07fc013f   Thumb Code     0  startup_da14585_586.o(.text)
    RESERVED21_Handler                       0x07fc013f   Thumb Code     0  startup_da14585_586.o(.text)
    RESERVED22_Handler                       0x07fc013f   Thumb Code     0  startup_da14585_586.o(.text)
    RESERVED23_Handler                       0x07fc013f   Thumb Code     0  startup_da14585_586.o(.text)
    RFCAL_Handler                            0x07fc013f   Thumb Code     0  startup_da14585_586.o(.text)
    SPI_Handler                              0x07fc013f   Thumb Code     0  startup_da14585_586.o(.text)
    SRCIN_Handler                            0x07fc013f   Thumb Code     0  startup_da14585_586.o(.text)
    SRCOUT_Handler                           0x07fc013f   Thumb Code     0  startup_da14585_586.o(.text)
    SWTIM_Handler                            0x07fc013f   Thumb Code     0  startup_da14585_586.o(.text)
    WKUP_QUADEC_Handler                      0x07fc013f   Thumb Code     0  startup_da14585_586.o(.text)
    rwble_isr                                0x07fc013f   Thumb Code     0  startup_da14585_586.o(.text)
    HardFault_HandlerC                       0x07fc0151   Thumb Code     2  exceptions.o(.text)
    NMI_HandlerC                             0x07fc0153   Thumb Code     2  exceptions.o(.text)
    GPIO_init                                0x07fc0155   Thumb Code     2  gpio.o(.text)
    GPIO_SetPinFunction                      0x07fc0157   Thumb Code    24  gpio.o(.text)
    GPIO_SetInactive                         0x07fc016f   Thumb Code    20  gpio.o(.text)
    GPIO_SetActive                           0x07fc0183   Thumb Code    20  gpio.o(.text)
    GPIO_ConfigurePin                        0x07fc0197   Thumb Code    38  gpio.o(.text)
    GPIO_GetPinStatus                        0x07fc01bd   Thumb Code    26  gpio.o(.text)
    GPIO_ResetIRQ                            0x07fc01d7   Thumb Code    32  gpio.o(.text)
    GPIOn_Handler                            0x07fc01f7   Thumb Code    52  gpio.o(.text)
    GPIO0_Handler                            0x07fc022b   Thumb Code     4  gpio.o(.text)
    GPIO1_Handler                            0x07fc022f   Thumb Code     4  gpio.o(.text)
    GPIO2_Handler                            0x07fc0233   Thumb Code     4  gpio.o(.text)
    GPIO3_Handler                            0x07fc0237   Thumb Code     4  gpio.o(.text)
    GPIO4_Handler                            0x07fc023b   Thumb Code     4  gpio.o(.text)
    UART_Handler                             0x07fc0355   Thumb Code     4  uart.o(.text)
    UART2_Handler                            0x07fc0359   Thumb Code     4  uart.o(.text)
    uart_enable                              0x07fc035d   Thumb Code    48  uart.o(.text)
    uart_baudrate_setf                       0x07fc038d   Thumb Code    50  uart.o(.text)
    uart_initialize                          0x07fc03bf   Thumb Code   162  uart.o(.text)
    hw_otpc_disable                          0x07fc04d1   Thumb Code    72  hw_otpc_58x.o(.text)
    hw_otpc_manual_read_on                   0x07fc0519   Thumb Code    18  hw_otpc_58x.o(.text)
    SysTick_Handler                          0x07fc0535   Thumb Code    12  systick.o(.text)
    systick_start                            0x07fc0541   Thumb Code    60  systick.o(.text)
    systick_stop                             0x07fc057d   Thumb Code    20  systick.o(.text)
    systick_wait                             0x07fc0591   Thumb Code    22  systick.o(.text)
    main                                     0x07fc05b1   Thumb Code    42  main.o(.text)
    periph_init                              0x07fc05e5   Thumb Code    68  user_periph_setup.o(.text)
    system_init                              0x07fc0635   Thumb Code   158  arch_system.o(.text)
    EPD_GPIO_init                            0x07fc06e5   Thumb Code   158  epd_2in13_v2.o(.text)
    DEV_SPI_WriteByte                        0x07fc0783   Thumb Code    66  epd_2in13_v2.o(.text)
    EPD_2IN13_V2_ReadBusy                    0x07fc07c5   Thumb Code    16  epd_2in13_v2.o(.text)
    EPD_2IN13_V2_TurnOnDisplay               0x07fc07d5   Thumb Code    26  epd_2in13_v2.o(.text)
    EPD_2IN13_V2_Init                        0x07fc07ef   Thumb Code   420  epd_2in13_v2.o(.text)
    EPD_2IN13_V2_Clear                       0x07fc0993   Thumb Code    76  epd_2in13_v2.o(.text)
    EPD_2IN13_V2_DisplayPartBaseImage        0x07fc09df   Thumb Code   104  epd_2in13_v2.o(.text)
    EPD_2IN13_V2_Sleep                       0x07fc0a47   Thumb Code    34  epd_2in13_v2.o(.text)
    EPD_2IN13_V2_TurnOnDisplay_RED           0x07fc0add   Thumb Code    26  epd_2in13_v2.o(.text)
    EPD_2IN13_V2_Init_RED                    0x07fc0af7   Thumb Code   184  epd_2in13_v2.o(.text)
    EPD_2IN13_V2_Clear_RED                   0x07fc0baf   Thumb Code    72  epd_2in13_v2.o(.text)
    __scatterload                            0x07fc0bf9   Thumb Code    28  init.o(.text)
    __scatterload_rt2                        0x07fc0bf9   Thumb Code     0  init.o(.text)
    __scatterload_copy                       0x07fc0c1d   Thumb Code    14  handlers.o(i.__scatterload_copy)
    __scatterload_null                       0x07fc0c2b   Thumb Code     2  handlers.o(i.__scatterload_null)
    __scatterload_zeroinit                   0x07fc0c2d   Thumb Code    14  handlers.o(i.__scatterload_zeroinit)
    EPD_2IN13_V2_lut_full_update             0x07fc0c54   Data          76  epd_2in13_v2.o(.constdata)
    EPD_2IN13_V2_lut_partial_update          0x07fc0ca0   Data          76  epd_2in13_v2.o(.constdata)
    gImage_2in13d                            0x07fc0cec   Data        2756  imagedata.o(.constdata)
    Region$$Table$$Base                      0x07fc17b0   Number         0  anon$$obj.o(Region$$Table)
    Region$$Table$$Limit                     0x07fc17c0   Number         0  anon$$obj.o(Region$$Table)
    GPIOHandlerFunction                      0x07fc8600   Data          20  gpio.o(retention_mem_area0)
    __initial_sp                             0x07fc8600   Data           0  startup_da14585_586.o(STACK)
    callback_function                        0x07fc8654   Data           4  systick.o(retention_mem_area0)



==============================================================================

Memory Map of the image

  Image Entry point : 0x07fc00a1

  Load Region LR_IROM1 (Base: 0x07fc0000, Size: 0x000017c0, Max: 0x00008000, ABSOLUTE)

    Execution Region ER_IROM1 (Exec base: 0x07fc0000, Load base: 0x07fc0000, Size: 0x000017c0, Max: 0x00008000, ABSOLUTE)

    Exec Addr    Load Addr    Size         Type   Attr      Idx    E Section Name        Object

    0x07fc0000   0x07fc0000   0x000000a0   Data   RO           59    RESET               startup_da14585_586.o
    0x07fc00a0   0x07fc00a0   0x00000000   Code   RO          905  * .ARM.Collect$$$$00000000  mc_p.l(entry.o)
    0x07fc00a0   0x07fc00a0   0x00000004   Code   RO          912    .ARM.Collect$$$$00000001  mc_p.l(entry2.o)
    0x07fc00a4   0x07fc00a4   0x00000004   Code   RO          915    .ARM.Collect$$$$00000004  mc_p.l(entry5.o)
    0x07fc00a8   0x07fc00a8   0x00000000   Code   RO          917    .ARM.Collect$$$$00000008  mc_p.l(entry7b.o)
    0x07fc00a8   0x07fc00a8   0x00000000   Code   RO          919    .ARM.Collect$$$$0000000A  mc_p.l(entry8b.o)
    0x07fc00a8   0x07fc00a8   0x00000008   Code   RO          920    .ARM.Collect$$$$0000000B  mc_p.l(entry9a.o)
    0x07fc00b0   0x07fc00b0   0x00000004   Code   RO          927    .ARM.Collect$$$$0000000E  mc_p.l(entry12b.o)
    0x07fc00b4   0x07fc00b4   0x00000000   Code   RO          922    .ARM.Collect$$$$0000000F  mc_p.l(entry10a.o)
    0x07fc00b4   0x07fc00b4   0x00000000   Code   RO          924    .ARM.Collect$$$$00000011  mc_p.l(entry11a.o)
    0x07fc00b4   0x07fc00b4   0x00000004   Code   RO          913    .ARM.Collect$$$$00002712  mc_p.l(entry2.o)
    0x07fc00b8   0x07fc00b8   0x00000048   Code   RO            4    .text               system_da14585_586.o
    0x07fc0100   0x07fc0100   0x00000050   Code   RO           60    .text               startup_da14585_586.o
    0x07fc0150   0x07fc0150   0x00000004   Code   RO           64    .text               exceptions.o
    0x07fc0154   0x07fc0154   0x0000011c   Code   RO          117    .text               gpio.o
    0x07fc0270   0x07fc0270   0x00000260   Code   RO          242    .text               uart.o
    0x07fc04d0   0x07fc04d0   0x00000064   Code   RO          426    .text               hw_otpc_58x.o
    0x07fc0534   0x07fc0534   0x0000007c   Code   RO          567    .text               systick.o
    0x07fc05b0   0x07fc05b0   0x00000034   Code   RO          609    .text               main.o
    0x07fc05e4   0x07fc05e4   0x00000050   Code   RO          669    .text               user_periph_setup.o
    0x07fc0634   0x07fc0634   0x000000b0   Code   RO          699    .text               arch_system.o
    0x07fc06e4   0x07fc06e4   0x000003f8   Code   RO          756    .text               epd_2in13_v2.o
    0x07fc0adc   0x07fc0adc   0x0000001a   Code   RO          757    .text               epd_2in13_v2.o
    0x07fc0af6   0x07fc0af6   0x000000b8   Code   RO          759    .text               epd_2in13_v2.o
    0x07fc0bae   0x07fc0bae   0x00000048   Code   RO          765    .text               epd_2in13_v2.o
    0x07fc0bf6   0x07fc0bf6   0x00000002   PAD
    0x07fc0bf8   0x07fc0bf8   0x00000024   Code   RO          930    .text               mc_p.l(init.o)
    0x07fc0c1c   0x07fc0c1c   0x0000000e   Code   RO          934    i.__scatterload_copy  mc_p.l(handlers.o)
    0x07fc0c2a   0x07fc0c2a   0x00000002   Code   RO          935    i.__scatterload_null  mc_p.l(handlers.o)
    0x07fc0c2c   0x07fc0c2c   0x0000000e   Code   RO          936    i.__scatterload_zeroinit  mc_p.l(handlers.o)
    0x07fc0c3a   0x07fc0c3a   0x00000002   PAD
    0x07fc0c3c   0x07fc0c3c   0x00000018   Data   RO          670    .constdata          user_periph_setup.o
    0x07fc0c54   0x07fc0c54   0x00000098   Data   RO          768    .constdata          epd_2in13_v2.o
    0x07fc0cec   0x07fc0cec   0x00000ac4   Data   RO          866    .constdata          imagedata.o
    0x07fc17b0   0x07fc17b0   0x00000010   Data   RO          932    Region$$Table       anon$$obj.o


    Execution Region RW_IRAM1 (Exec base: 0x07fc8000, Load base: 0x07fc17c0, Size: 0x00000658, Max: 0x00004000, ABSOLUTE)

    Exec Addr    Load Addr    Size         Type   Attr      Idx    E Section Name        Object

    0x07fc8000        -       0x00000600   Zero   RW           57    STACK               startup_da14585_586.o
    0x07fc8600        -       0x00000014   Zero   RW          129    retention_mem_area0  gpio.o
    0x07fc8614        -       0x00000040   Zero   RW          258    retention_mem_area0  uart.o
    0x07fc8654        -       0x00000004   Zero   RW          569    retention_mem_area0  systick.o


==============================================================================

Image component sizes


      Code (inc. data)   RO Data    RW Data    ZI Data      Debug   Object Name

       176         18          0          0          0       3330   arch_system.o
      1298         10        152          0          0       6255   epd_2in13_v2.o
         4          0          0          0          0        586   exceptions.o
       284         18          0          0         20      22870   gpio.o
       100         10          0          0          0       4171   hw_otpc_58x.o
         0          0       2756          0          0       3440   imagedata.o
        52         10          0          0          0        499   main.o
        80         16        160          0       1536        756   startup_da14585_586.o
        72          8          0          0          0     145621   system_da14585_586.o
       124         10          0          0          4       2552   systick.o
       608         12          0          0         64      16541   uart.o
        80         12         24          0          0       3910   user_periph_setup.o

    ----------------------------------------------------------------------
      2880        124       3108          0       1624     210531   Object Totals
         0          0         16          0          0          0   (incl. Generated)
         2          0          0          0          0          0   (incl. Padding)

    ----------------------------------------------------------------------

      Code (inc. data)   RO Data    RW Data    ZI Data      Debug   Library Member Name

         0          0          0          0          0          0   entry.o
         0          0          0          0          0          0   entry10a.o
         0          0          0          0          0          0   entry11a.o
         4          0          0          0          0          0   entry12b.o
         8          4          0          0          0          0   entry2.o
         4          0          0          0          0          0   entry5.o
         0          0          0          0          0          0   entry7b.o
         0          0          0          0          0          0   entry8b.o
         8          4          0          0          0          0   entry9a.o
        30          0          0          0          0          0   handlers.o
        36          8          0          0          0         68   init.o

    ----------------------------------------------------------------------
        92         16          0          0          0         68   Library Totals
         2          0          0          0          0          0   (incl. Padding)

    ----------------------------------------------------------------------

      Code (inc. data)   RO Data    RW Data    ZI Data      Debug   Library Name

        90         16          0          0          0         68   mc_p.l

    ----------------------------------------------------------------------
        92         16          0          0          0         68   Library Totals

    ----------------------------------------------------------------------

==============================================================================


      Code (inc. data)   RO Data    RW Data    ZI Data      Debug   

      2972        140       3108          0       1624     210091   Grand Totals
      2972        140       3108          0       1624     210091   ELF Image Totals
      2972        140       3108          0          0          0   ROM Totals

==============================================================================

    Total RO  Size (Code + RO Data)                 6080 (   5.94kB)
    Total RW  Size (RW Data + ZI Data)              1624 (   1.59kB)
    Total ROM Size (Code + RO Data + RW Data)       6080 (   5.94kB)

==============================================================================

